0 verbose cli /usr/local/bin/node /usr/local/lib/node_modules/npm/bin/npm-cli.js
1 info using npm@11.12.1
2 info using node@v24.15.0
3 silly config load:file:/usr/local/lib/node_modules/npm/npmrc
4 silly config load:file:/Users/ammaarmohammed/Documents/txt2SQL/.npmrc
5 silly config load:file:/Users/ammaarmohammed/.npmrc
6 silly config load:file:/Users/ammaarmohammed/Documents/txt2SQL/.tmp/npm-global/etc/npmrc
7 verbose title npm exec skills use https://github.com/vercel-labs/skills --skill find-skills
8 verbose argv "exec" "--" "skills" "use" "https://github.com/vercel-labs/skills" "--skill" "find-skills"
9 verbose logfile logs-max:10 dir:/Users/ammaarmohammed/Documents/txt2SQL/.tmp/npm-cache/_logs/2026-08-24T02_06_06_514Z-
10 verbose logfile /Users/ammaarmohammed/Documents/txt2SQL/.tmp/npm-cache/_logs/2026-08-24T02_06_06_514Z-debug-0.log
11 silly logfile done cleaning log files
12 silly packumentCache heap:4496293888 maxSize:1124073472 maxEntrySize:562036736
13 http fetch GET 200 https://registry.npmjs.org/skills 163ms (cache miss)
14 silly packumentCache heap:4496293888 maxSize:1124073472 maxEntrySize:562036736
15 verbose Could not read global path /Users/ammaarmohammed/Documents/txt2SQL/.tmp/npm-global/lib, ignoring
16 silly packumentCache heap:4496293888 maxSize:1124073472 maxEntrySize:562036736
17 silly idealTree buildDeps
18 silly fetch manifest skills@1.5.23
19 silly packumentCache full:https://registry.npmjs.org/skills cache-miss
20 http fetch GET 200 https://registry.npmjs.org/npm 201ms
21 http fetch GET 200 https://registry.npmjs.org/skills 119ms (cache miss)
22 silly packumentCache full:https://registry.npmjs.org/skills set size:undefined disposed:false
23 silly placeDep ROOT skills@1.5.23 OK for:  want: 1.5.23
24 silly fetch manifest tar@^7.5.20
25 silly packumentCache full:https://registry.npmjs.org/tar cache-miss
26 silly fetch manifest yaml@^2.8.3
27 silly packumentCache full:https://registry.npmjs.org/yaml cache-miss
28 http fetch GET 200 https://registry.npmjs.org/yaml 232ms (cache miss)
29 silly packumentCache full:https://registry.npmjs.org/yaml set size:undefined disposed:false
30 http fetch GET 200 https://registry.npmjs.org/tar 233ms (cache miss)
31 silly packumentCache full:https://registry.npmjs.org/tar set size:undefined disposed:false
32 silly placeDep ROOT tar@7.5.22 OK for: skills@1.5.23 want: ^7.5.20
33 silly placeDep ROOT yaml@2.9.0 OK for: skills@1.5.23 want: ^2.8.3
34 silly fetch manifest chownr@^3.0.0
35 silly packumentCache full:https://registry.npmjs.org/chownr cache-miss
36 silly fetch manifest yallist@^5.0.0
37 silly packumentCache full:https://registry.npmjs.org/yallist cache-miss
38 silly fetch manifest minipass@^7.1.2
39 silly packumentCache full:https://registry.npmjs.org/minipass cache-miss
40 silly fetch manifest minizlib@^3.1.0
41 silly packumentCache full:https://registry.npmjs.org/minizlib cache-miss
42 silly fetch manifest @isaacs/fs-minipass@^4.0.0
43 silly packumentCache full:https://registry.npmjs.org/@isaacs%2ffs-minipass cache-miss
44 http fetch GET 200 https://registry.npmjs.org/chownr 26ms (cache miss)
45 silly packumentCache full:https://registry.npmjs.org/chownr set size:undefined disposed:false
46 http fetch GET 200 https://registry.npmjs.org/yallist 28ms (cache miss)
47 silly packumentCache full:https://registry.npmjs.org/yallist set size:undefined disposed:false
48 http fetch GET 200 https://registry.npmjs.org/minizlib 62ms (cache miss)
49 silly packumentCache full:https://registry.npmjs.org/minizlib set size:undefined disposed:false
50 http fetch GET 200 https://registry.npmjs.org/@isaacs%2ffs-minipass 71ms (cache miss)
51 silly packumentCache full:https://registry.npmjs.org/@isaacs%2ffs-minipass set size:undefined disposed:false
52 http fetch GET 200 https://registry.npmjs.org/minipass 76ms (cache miss)
53 silly packumentCache full:https://registry.npmjs.org/minipass set size:undefined disposed:false
54 silly placeDep ROOT @isaacs/fs-minipass@4.0.1 OK for: tar@7.5.22 want: ^4.0.0
55 silly placeDep ROOT chownr@3.0.0 OK for: tar@7.5.22 want: ^3.0.0
56 silly placeDep ROOT minipass@7.1.3 OK for: tar@7.5.22 want: ^7.1.2
57 silly placeDep ROOT minizlib@3.1.0 OK for: tar@7.5.22 want: ^3.1.0
58 silly placeDep ROOT yallist@5.0.0 OK for: tar@7.5.22 want: ^5.0.0
59 silly fetch manifest minipass@^7.0.4
60 silly packumentCache full:https://registry.npmjs.org/minipass cache-miss
61 http cache https://registry.npmjs.org/minipass 4ms (cache hit)
62 silly packumentCache full:https://registry.npmjs.org/minipass set size:276925 disposed:false
63 silly reify moves {}
64 silly audit bulk request {
64 silly audit   skills: [ '1.5.23' ],
64 silly audit   tar: [ '7.5.22' ],
64 silly audit   yaml: [ '2.9.0' ],
64 silly audit   '@isaacs/fs-minipass': [ '4.0.1' ],
64 silly audit   chownr: [ '3.0.0' ],
64 silly audit   minipass: [ '7.1.3' ],
64 silly audit   minizlib: [ '3.1.0' ],
64 silly audit   yallist: [ '5.0.0' ]
64 silly audit }
65 http cache minizlib@https://registry.npmjs.org/minizlib/-/minizlib-3.1.0.tgz 0ms (cache hit)
66 http cache chownr@https://registry.npmjs.org/chownr/-/chownr-3.0.0.tgz 0ms (cache hit)
67 http cache yallist@https://registry.npmjs.org/yallist/-/yallist-5.0.0.tgz 0ms (cache hit)
68 http cache @isaacs/fs-minipass@https://registry.npmjs.org/@isaacs/fs-minipass/-/fs-minipass-4.0.1.tgz 0ms (cache hit)
69 http cache yaml@https://registry.npmjs.org/yaml/-/yaml-2.9.0.tgz 0ms (cache hit)
70 http cache tar@https://registry.npmjs.org/tar/-/tar-7.5.22.tgz 0ms (cache hit)
71 http cache skills@https://registry.npmjs.org/skills/-/skills-1.5.23.tgz 0ms (cache hit)
72 silly tarball no local data for minizlib@https://registry.npmjs.org/minizlib/-/minizlib-3.1.0.tgz. Extracting by manifest.
73 silly tarball no local data for chownr@https://registry.npmjs.org/chownr/-/chownr-3.0.0.tgz. Extracting by manifest.
74 silly tarball no local data for yallist@https://registry.npmjs.org/yallist/-/yallist-5.0.0.tgz. Extracting by manifest.
75 silly tarball no local data for @isaacs/fs-minipass@https://registry.npmjs.org/@isaacs/fs-minipass/-/fs-minipass-4.0.1.tgz. Extracting by manifest.
76 silly tarball no local data for yaml@https://registry.npmjs.org/yaml/-/yaml-2.9.0.tgz. Extracting by manifest.
77 silly tarball no local data for tar@https://registry.npmjs.org/tar/-/tar-7.5.22.tgz. Extracting by manifest.
78 silly tarball no local data for skills@https://registry.npmjs.org/skills/-/skills-1.5.23.tgz. Extracting by manifest.
79 http cache minipass@https://registry.npmjs.org/minipass/-/minipass-7.1.3.tgz 0ms (cache hit)
80 silly tarball no local data for minipass@https://registry.npmjs.org/minipass/-/minipass-7.1.3.tgz. Extracting by manifest.
81 http fetch GET 200 https://registry.npmjs.org/chownr/-/chownr-3.0.0.tgz 80ms (cache miss)
82 http fetch GET 200 https://registry.npmjs.org/@isaacs/fs-minipass/-/fs-minipass-4.0.1.tgz 83ms (cache miss)
83 http fetch GET 200 https://registry.npmjs.org/yallist/-/yallist-5.0.0.tgz 86ms (cache miss)
84 http fetch POST 200 https://registry.npmjs.org/-/npm/v1/security/advisories/bulk 96ms
85 silly audit report {}
86 http fetch GET 200 https://registry.npmjs.org/minizlib/-/minizlib-3.1.0.tgz 93ms (cache miss)
87 http fetch GET 200 https://registry.npmjs.org/minipass/-/minipass-7.1.3.tgz 94ms (cache miss)
88 http fetch GET 200 https://registry.npmjs.org/skills/-/skills-1.5.23.tgz 101ms (cache miss)
89 http fetch GET 200 https://registry.npmjs.org/yaml/-/yaml-2.9.0.tgz 148ms (cache miss)
90 http fetch GET 200 https://registry.npmjs.org/tar/-/tar-7.5.22.tgz 152ms (cache miss)
91 verbose cwd /Users/ammaarmohammed/Documents/txt2SQL
92 verbose os Darwin 25.4.0
93 verbose node v24.15.0
94 verbose npm  v11.12.1
95 notice
95 notice New major version of npm available! 11.12.1 -> 12.0.2
95 notice Changelog: https://github.com/npm/cli/releases/tag/v12.0.2
95 notice To update run: npm install -g npm@12.0.2
95 notice  { force: true, Symbol(proc-log.meta): true }
96 verbose exit 0
97 info ok
