0 verbose cli /usr/local/bin/node /usr/local/lib/node_modules/npm/bin/npm-cli.js
1 info using npm@11.12.1
2 info using node@v24.15.0
3 silly config load:file:/usr/local/lib/node_modules/npm/npmrc
4 silly config load:file:/Users/ammaarmohammed/Documents/txt2SQL/.npmrc
5 silly config load:file:/Users/ammaarmohammed/.npmrc
6 silly config load:file:/Users/ammaarmohammed/Documents/txt2SQL/.tmp/npm-global/etc/npmrc
7 verbose title npm exec skills find text to sql
8 verbose argv "exec" "--" "skills" "find" "text to sql"
9 verbose logfile logs-max:10 dir:/Users/ammaarmohammed/Documents/txt2SQL/.tmp/npm-cache/_logs/2026-08-24T02_06_31_682Z-
10 verbose logfile /Users/ammaarmohammed/Documents/txt2SQL/.tmp/npm-cache/_logs/2026-08-24T02_06_31_682Z-debug-0.log
11 silly logfile done cleaning log files
12 silly packumentCache heap:4496293888 maxSize:1124073472 maxEntrySize:562036736
13 http fetch GET 200 https://registry.npmjs.org/skills 204ms (cache revalidated)
14 silly packumentCache heap:4496293888 maxSize:1124073472 maxEntrySize:562036736
15 verbose Could not read global path /Users/ammaarmohammed/Documents/txt2SQL/.tmp/npm-global/lib, ignoring
16 silly packumentCache heap:4496293888 maxSize:1124073472 maxEntrySize:562036736
17 verbose cwd /Users/ammaarmohammed/Documents/txt2SQL
18 verbose os Darwin 25.4.0
19 verbose node v24.15.0
20 verbose npm  v11.12.1
21 verbose exit 0
22 info ok
